// Jest Snapshot v1, https://goo.gl/fbAQLP

exports[`App component should render correctly 1`] = `
<div
  className="app"
>
  <h2>
    Loot Check
  </h2>
</div>
`;
