// Jest Snapshot v1, https://goo.gl/fbAQLP

exports[`Loot component should render correctly 1`] = `
<div
  className="loot"
>
  <h3>
    BTC balance:
  </h3>
</div>
`;
